<?xml version="1.0" encoding="ISO-8859-1" ?>
<link_info>
   <banner>TMS320C2000 Linker PC v20.2.1.LTS</banner>
   <copyright>Copyright (c) 1996-2018 Texas Instruments Incorporated</copyright>
   <link_time>0x601bedf2</link_time>
   <link_errors>0x0</link_errors>
   <output_file>ADCINT.out</output_file>
   <entry_point>
      <name>_c_int00</name>
      <address>0x2c3</address>
   </entry_point>
   <input_file_list>
      <input_file id="fl-2">
         <path>.\</path>
         <kind>object</kind>
         <file>main.obj</file>
         <name>main.obj</name>
      </input_file>
      <input_file id="fl-3">
         <path>.\Common\</path>
         <kind>object</kind>
         <file>F2837xD_Adc.obj</file>
         <name>F2837xD_Adc.obj</name>
      </input_file>
      <input_file id="fl-4">
         <path>.\Common\</path>
         <kind>object</kind>
         <file>F2837xD_CodeStartBranch.obj</file>
         <name>F2837xD_CodeStartBranch.obj</name>
      </input_file>
      <input_file id="fl-5">
         <path>.\Common\</path>
         <kind>object</kind>
         <file>F2837xD_CpuTimers.obj</file>
         <name>F2837xD_CpuTimers.obj</name>
      </input_file>
      <input_file id="fl-6">
         <path>.\Common\</path>
         <kind>object</kind>
         <file>F2837xD_DBGIER.obj</file>
         <name>F2837xD_DBGIER.obj</name>
      </input_file>
      <input_file id="fl-7">
         <path>.\Common\</path>
         <kind>object</kind>
         <file>F2837xD_DefaultISR.obj</file>
         <name>F2837xD_DefaultISR.obj</name>
      </input_file>
      <input_file id="fl-8">
         <path>.\Common\</path>
         <kind>object</kind>
         <file>F2837xD_Dma.obj</file>
         <name>F2837xD_Dma.obj</name>
      </input_file>
      <input_file id="fl-9">
         <path>.\Common\</path>
         <kind>object</kind>
         <file>F2837xD_ECap.obj</file>
         <name>F2837xD_ECap.obj</name>
      </input_file>
      <input_file id="fl-a">
         <path>.\Common\</path>
         <kind>object</kind>
         <file>F2837xD_EPwm.obj</file>
         <name>F2837xD_EPwm.obj</name>
      </input_file>
      <input_file id="fl-b">
         <path>.\Common\</path>
         <kind>object</kind>
         <file>F2837xD_EQep.obj</file>
         <name>F2837xD_EQep.obj</name>
      </input_file>
      <input_file id="fl-c">
         <path>.\Common\</path>
         <kind>object</kind>
         <file>F2837xD_Emif.obj</file>
         <name>F2837xD_Emif.obj</name>
      </input_file>
      <input_file id="fl-d">
         <path>.\Common\</path>
         <kind>object</kind>
         <file>F2837xD_Gpio.obj</file>
         <name>F2837xD_Gpio.obj</name>
      </input_file>
      <input_file id="fl-e">
         <path>.\Common\</path>
         <kind>object</kind>
         <file>F2837xD_I2C.obj</file>
         <name>F2837xD_I2C.obj</name>
      </input_file>
      <input_file id="fl-f">
         <path>.\Common\</path>
         <kind>object</kind>
         <file>F2837xD_Ipc.obj</file>
         <name>F2837xD_Ipc.obj</name>
      </input_file>
      <input_file id="fl-10">
         <path>.\Common\</path>
         <kind>object</kind>
         <file>F2837xD_Ipc_Driver.obj</file>
         <name>F2837xD_Ipc_Driver.obj</name>
      </input_file>
      <input_file id="fl-11">
         <path>.\Common\</path>
         <kind>object</kind>
         <file>F2837xD_Ipc_Driver_Lite.obj</file>
         <name>F2837xD_Ipc_Driver_Lite.obj</name>
      </input_file>
      <input_file id="fl-12">
         <path>.\Common\</path>
         <kind>object</kind>
         <file>F2837xD_Ipc_Driver_Util.obj</file>
         <name>F2837xD_Ipc_Driver_Util.obj</name>
      </input_file>
      <input_file id="fl-13">
         <path>.\Common\</path>
         <kind>object</kind>
         <file>F2837xD_Mcbsp.obj</file>
         <name>F2837xD_Mcbsp.obj</name>
      </input_file>
      <input_file id="fl-14">
         <path>.\Common\</path>
         <kind>object</kind>
         <file>F2837xD_PieCtrl.obj</file>
         <name>F2837xD_PieCtrl.obj</name>
      </input_file>
      <input_file id="fl-15">
         <path>.\Common\</path>
         <kind>object</kind>
         <file>F2837xD_PieVect.obj</file>
         <name>F2837xD_PieVect.obj</name>
      </input_file>
      <input_file id="fl-16">
         <path>.\Common\</path>
         <kind>object</kind>
         <file>F2837xD_Sci.obj</file>
         <name>F2837xD_Sci.obj</name>
      </input_file>
      <input_file id="fl-17">
         <path>.\Common\</path>
         <kind>object</kind>
         <file>F2837xD_Spi.obj</file>
         <name>F2837xD_Spi.obj</name>
      </input_file>
      <input_file id="fl-18">
         <path>.\Common\</path>
         <kind>object</kind>
         <file>F2837xD_SysCtrl.obj</file>
         <name>F2837xD_SysCtrl.obj</name>
      </input_file>
      <input_file id="fl-19">
         <path>.\Common\</path>
         <kind>object</kind>
         <file>F2837xD_TempSensorConv.obj</file>
         <name>F2837xD_TempSensorConv.obj</name>
      </input_file>
      <input_file id="fl-1a">
         <path>.\Common\</path>
         <kind>object</kind>
         <file>F2837xD_Upp.obj</file>
         <name>F2837xD_Upp.obj</name>
      </input_file>
      <input_file id="fl-1b">
         <path>.\Common\</path>
         <kind>object</kind>
         <file>F2837xD_can.obj</file>
         <name>F2837xD_can.obj</name>
      </input_file>
      <input_file id="fl-1c">
         <path>.\Common\</path>
         <kind>object</kind>
         <file>F2837xD_sci_io.obj</file>
         <name>F2837xD_sci_io.obj</name>
      </input_file>
      <input_file id="fl-1d">
         <path>.\Common\</path>
         <kind>object</kind>
         <file>F2837xD_sdfm_drivers.obj</file>
         <name>F2837xD_sdfm_drivers.obj</name>
      </input_file>
      <input_file id="fl-1e">
         <path>.\Common\</path>
         <kind>object</kind>
         <file>F2837xD_struct.obj</file>
         <name>F2837xD_struct.obj</name>
      </input_file>
      <input_file id="fl-1f">
         <path>.\Common\</path>
         <kind>object</kind>
         <file>F2837xD_usDelay.obj</file>
         <name>F2837xD_usDelay.obj</name>
      </input_file>
      <input_file id="fl-20">
         <path>.\Header\</path>
         <kind>object</kind>
         <file>F2837xD_GlobalVariableDefs.obj</file>
         <name>F2837xD_GlobalVariableDefs.obj</name>
      </input_file>
      <input_file id="fl-25">
         <kind>object</kind>
         <file>&lt;internal&gt;</file>
         <name>&lt;internal&gt;</name>
      </input_file>
      <input_file id="fl-31">
         <path>C:\ti\ccs1011\ccs\tools\compiler\ti-cgt-c2000_20.2.1.LTS\lib\</path>
         <kind>archive</kind>
         <file>rts2800_fpu32.lib</file>
         <name>boot28.asm.obj</name>
      </input_file>
      <input_file id="fl-32">
         <path>C:\ti\ccs1011\ccs\tools\compiler\ti-cgt-c2000_20.2.1.LTS\lib\</path>
         <kind>archive</kind>
         <file>rts2800_fpu32.lib</file>
         <name>fs_div28.asm.obj</name>
      </input_file>
      <input_file id="fl-33">
         <path>C:\ti\ccs1011\ccs\tools\compiler\ti-cgt-c2000_20.2.1.LTS\lib\</path>
         <kind>archive</kind>
         <file>rts2800_fpu32.lib</file>
         <name>ll_aox28.asm.obj</name>
      </input_file>
      <input_file id="fl-34">
         <path>C:\ti\ccs1011\ccs\tools\compiler\ti-cgt-c2000_20.2.1.LTS\lib\</path>
         <kind>archive</kind>
         <file>rts2800_fpu32.lib</file>
         <name>cpy_tbl.c.obj</name>
      </input_file>
      <input_file id="fl-35">
         <path>C:\ti\ccs1011\ccs\tools\compiler\ti-cgt-c2000_20.2.1.LTS\lib\</path>
         <kind>archive</kind>
         <file>rts2800_fpu32.lib</file>
         <name>memcpy.c.obj</name>
      </input_file>
      <input_file id="fl-36">
         <path>C:\ti\ccs1011\ccs\tools\compiler\ti-cgt-c2000_20.2.1.LTS\lib\</path>
         <kind>archive</kind>
         <file>rts2800_fpu32.lib</file>
         <name>pre_init.c.obj</name>
      </input_file>
      <input_file id="fl-37">
         <path>C:\ti\ccs1011\ccs\tools\compiler\ti-cgt-c2000_20.2.1.LTS\lib\</path>
         <kind>archive</kind>
         <file>rts2800_fpu32.lib</file>
         <name>startup.c.obj</name>
      </input_file>
      <input_file id="fl-38">
         <path>C:\ti\ccs1011\ccs\tools\compiler\ti-cgt-c2000_20.2.1.LTS\lib\</path>
         <kind>archive</kind>
         <file>rts2800_fpu32.lib</file>
         <name>exit.c.obj</name>
      </input_file>
      <input_file id="fl-39">
         <path>C:\ti\ccs1011\ccs\tools\compiler\ti-cgt-c2000_20.2.1.LTS\lib\</path>
         <kind>archive</kind>
         <file>rts2800_fpu32.lib</file>
         <name>_lock.c.obj</name>
      </input_file>
      <input_file id="fl-3a">
         <path>C:\ti\ccs1011\ccs\tools\compiler\ti-cgt-c2000_20.2.1.LTS\lib\</path>
         <kind>archive</kind>
         <file>rts2800_fpu32.lib</file>
         <name>args_main.c.obj</name>
      </input_file>
      <input_file id="fl-3b">
         <path>C:\ti\ccs1011\ccs\tools\compiler\ti-cgt-c2000_20.2.1.LTS\lib\</path>
         <kind>archive</kind>
         <file>rts2800_fpu32.lib</file>
         <name>memset.c.obj</name>
      </input_file>
   </input_file_list>
   <object_component_list>
      <object_component id="oc-91">
         <name>codestart</name>
         <load_address>0x0</load_address>
         <run_address>0x0</run_address>
         <size>0x2</size>
         <input_file_ref idref="fl-4"/>
      </object_component>
      <object_component id="oc-11d">
         <name>.TI.ramfunc</name>
         <load_address>0x1d5</load_address>
         <run_address>0x1d5</run_address>
         <size>0x4</size>
         <input_file_ref idref="fl-1f"/>
      </object_component>
      <object_component id="oc-197">
         <name>.text</name>
         <load_address>0x1d9</load_address>
         <run_address>0x1d9</run_address>
         <size>0x88</size>
         <input_file_ref idref="fl-32"/>
      </object_component>
      <object_component id="oc-1db">
         <name>.text</name>
         <load_address>0x261</load_address>
         <run_address>0x261</run_address>
         <size>0x62</size>
         <input_file_ref idref="fl-2"/>
      </object_component>
      <object_component id="oc-83">
         <name>.text</name>
         <load_address>0x2c3</load_address>
         <run_address>0x2c3</run_address>
         <size>0x56</size>
         <input_file_ref idref="fl-31"/>
      </object_component>
      <object_component id="oc-1cf">
         <name>.text</name>
         <load_address>0x319</load_address>
         <run_address>0x319</run_address>
         <size>0x29</size>
         <input_file_ref idref="fl-38"/>
      </object_component>
      <object_component id="oc-1e0">
         <name>.text</name>
         <load_address>0x342</load_address>
         <run_address>0x342</run_address>
         <size>0x28</size>
         <input_file_ref idref="fl-14"/>
      </object_component>
      <object_component id="oc-1e1">
         <name>.text</name>
         <load_address>0x36a</load_address>
         <run_address>0x36a</run_address>
         <size>0x26</size>
         <input_file_ref idref="fl-15"/>
      </object_component>
      <object_component id="oc-1cc">
         <name>.text</name>
         <load_address>0x390</load_address>
         <run_address>0x390</run_address>
         <size>0x24</size>
         <input_file_ref idref="fl-34"/>
      </object_component>
      <object_component id="oc-1da">
         <name>.text</name>
         <load_address>0x3b4</load_address>
         <run_address>0x3b4</run_address>
         <size>0x1d</size>
         <input_file_ref idref="fl-35"/>
      </object_component>
      <object_component id="oc-87">
         <name>.text:retain</name>
         <load_address>0x3d1</load_address>
         <run_address>0x3d1</run_address>
         <size>0x1c</size>
         <input_file_ref idref="fl-2"/>
      </object_component>
      <object_component id="oc-1ce">
         <name>.text</name>
         <load_address>0x3ed</load_address>
         <run_address>0x3ed</run_address>
         <size>0x12</size>
         <input_file_ref idref="fl-3a"/>
      </object_component>
      <object_component id="oc-1cd">
         <name>.text</name>
         <load_address>0x3ff</load_address>
         <run_address>0x3ff</run_address>
         <size>0x1</size>
         <input_file_ref idref="fl-37"/>
      </object_component>
      <object_component id="oc-1de">
         <name>.text</name>
         <load_address>0x8000</load_address>
         <run_address>0x8000</run_address>
         <size>0x33b</size>
         <input_file_ref idref="fl-18"/>
      </object_component>
      <object_component id="oc-a2">
         <name>.text:retain</name>
         <load_address>0xb000</load_address>
         <run_address>0xb000</run_address>
         <size>0x585</size>
         <input_file_ref idref="fl-7"/>
      </object_component>
      <object_component id="oc-1df">
         <name>.text</name>
         <load_address>0xb585</load_address>
         <run_address>0xb585</run_address>
         <size>0x244</size>
         <input_file_ref idref="fl-d"/>
      </object_component>
      <object_component id="oc-19c">
         <name>.text</name>
         <load_address>0xb7c9</load_address>
         <run_address>0xb7c9</run_address>
         <size>0x18</size>
         <input_file_ref idref="fl-33"/>
      </object_component>
      <object_component id="oc-1e2">
         <name>.text</name>
         <load_address>0xb7e1</load_address>
         <run_address>0xb7e1</run_address>
         <size>0x9</size>
         <input_file_ref idref="fl-39"/>
      </object_component>
      <object_component id="oc-9c">
         <name>.text</name>
         <load_address>0xb7ea</load_address>
         <run_address>0xb7ea</run_address>
         <size>0x3</size>
         <input_file_ref idref="fl-6"/>
      </object_component>
      <object_component id="oc-1cb">
         <name>.text</name>
         <load_address>0xb7ed</load_address>
         <run_address>0xb7ed</run_address>
         <size>0x2</size>
         <input_file_ref idref="fl-36"/>
      </object_component>
      <object_component id="oc-154">
         <name>.cinit:_TRIP_SEL</name>
         <load_address>0x122</load_address>
         <run_address>0x122</run_address>
         <size>0x21</size>
         <input_file_ref idref="fl-1e"/>
      </object_component>
      <object_component id="oc-17e">
         <name>.cinit:_EPWM</name>
         <load_address>0x143</load_address>
         <run_address>0x143</run_address>
         <size>0x1d</size>
         <input_file_ref idref="fl-1e"/>
      </object_component>
      <object_component id="oc-14d">
         <name>.cinit:_ECAP</name>
         <load_address>0x160</load_address>
         <run_address>0x160</run_address>
         <size>0x11</size>
         <input_file_ref idref="fl-1e"/>
      </object_component>
      <object_component id="oc-1b6">
         <name>.cinit</name>
         <load_address>0x171</load_address>
         <run_address>0x171</run_address>
         <size>0xe</size>
         <input_file_ref idref="fl-38"/>
      </object_component>
      <object_component id="oc-173">
         <name>.cinit:_ADC</name>
         <load_address>0x17f</load_address>
         <run_address>0x17f</run_address>
         <size>0xd</size>
         <input_file_ref idref="fl-1e"/>
      </object_component>
      <object_component id="oc-159">
         <name>.cinit:_EQEP</name>
         <load_address>0x18c</load_address>
         <run_address>0x18c</run_address>
         <size>0xb</size>
         <input_file_ref idref="fl-1e"/>
      </object_component>
      <object_component id="oc-139">
         <name>.cinit:_SPI</name>
         <load_address>0x197</load_address>
         <run_address>0x197</run_address>
         <size>0xb</size>
         <input_file_ref idref="fl-1e"/>
      </object_component>
      <object_component id="oc-179">
         <name>.cinit:_SDFM</name>
         <load_address>0x1a2</load_address>
         <run_address>0x1a2</run_address>
         <size>0x9</size>
         <input_file_ref idref="fl-1e"/>
      </object_component>
      <object_component id="oc-15d">
         <name>.cinit:_I2C</name>
         <load_address>0x1ab</load_address>
         <run_address>0x1ab</run_address>
         <size>0x7</size>
         <input_file_ref idref="fl-1e"/>
      </object_component>
      <object_component id="oc-163">
         <name>.cinit:_MCBSP</name>
         <load_address>0x1b2</load_address>
         <run_address>0x1b2</run_address>
         <size>0x7</size>
         <input_file_ref idref="fl-1e"/>
      </object_component>
      <object_component id="oc-134">
         <name>.cinit:_SCI</name>
         <load_address>0x1b9</load_address>
         <run_address>0x1b9</run_address>
         <size>0x7</size>
         <input_file_ref idref="fl-1e"/>
      </object_component>
      <object_component id="oc-1dd">
         <name>.cinit:__lock</name>
         <load_address>0x1c0</load_address>
         <run_address>0x1c0</run_address>
         <size>0x5</size>
         <input_file_ref idref="fl-39"/>
      </object_component>
      <object_component id="oc-1e3">
         <name>.cinit:__unlock</name>
         <load_address>0x1c5</load_address>
         <run_address>0x1c5</run_address>
         <size>0x5</size>
         <input_file_ref idref="fl-39"/>
      </object_component>
      <object_component id="oc-85">
         <name>.cinit</name>
         <load_address>0x1ca</load_address>
         <run_address>0x1ca</run_address>
         <size>0x5</size>
         <input_file_ref idref="fl-2"/>
      </object_component>
      <object_component id="oc-110">
         <name>.cinit</name>
         <load_address>0x1cf</load_address>
         <run_address>0x1cf</run_address>
         <size>0x4</size>
         <input_file_ref idref="fl-1c"/>
      </object_component>
      <object_component id="oc-192">
         <name>.reset</name>
         <load_address>0x3fffc0</load_address>
         <run_address>0x3fffc0</run_address>
         <size>0x2</size>
         <input_file_ref idref="fl-31"/>
      </object_component>
      <object_component id="oc-191">
         <name>.stack</name>
         <uninitialized>true</uninitialized>
         <run_address>0x400</run_address>
         <size>0x0</size>
         <input_file_ref idref="fl-31"/>
      </object_component>
      <object_component id="oc-26e">
         <name>.stack</name>
         <uninitialized>true</uninitialized>
         <run_address>0x400</run_address>
         <size>0x0</size>
      </object_component>
      <object_component id="oc-86">
         <name>.ebss</name>
         <uninitialized>true</uninitialized>
         <run_address>0xaa5a</run_address>
         <size>0x2</size>
         <input_file_ref idref="fl-2"/>
      </object_component>
      <object_component id="oc-97">
         <name>.ebss</name>
         <uninitialized>true</uninitialized>
         <run_address>0xaa00</run_address>
         <size>0x18</size>
         <input_file_ref idref="fl-5"/>
      </object_component>
      <object_component id="oc-100">
         <name>.ebss</name>
         <uninitialized>true</uninitialized>
         <run_address>0xaa38</run_address>
         <size>0x6</size>
         <input_file_ref idref="fl-19"/>
      </object_component>
      <object_component id="oc-111">
         <name>.ebss</name>
         <uninitialized>true</uninitialized>
         <run_address>0xaa5c</run_address>
         <size>0x1</size>
         <input_file_ref idref="fl-1c"/>
      </object_component>
      <object_component id="oc-1d5">
         <name>.ebss:_I2C</name>
         <uninitialized>true</uninitialized>
         <run_address>0xaa4c</run_address>
         <size>0x4</size>
         <input_file_ref idref="fl-1e"/>
      </object_component>
      <object_component id="oc-1d6">
         <name>.ebss:_MCBSP</name>
         <uninitialized>true</uninitialized>
         <run_address>0xaa50</run_address>
         <size>0x4</size>
         <input_file_ref idref="fl-1e"/>
      </object_component>
      <object_component id="oc-1d0">
         <name>.ebss:_SCI</name>
         <uninitialized>true</uninitialized>
         <run_address>0xaa54</run_address>
         <size>0x4</size>
         <input_file_ref idref="fl-1e"/>
      </object_component>
      <object_component id="oc-1d8">
         <name>.ebss:_SDFM</name>
         <uninitialized>true</uninitialized>
         <run_address>0xaa40</run_address>
         <size>0x6</size>
         <input_file_ref idref="fl-1e"/>
      </object_component>
      <object_component id="oc-1d4">
         <name>.ebss:_EQEP</name>
         <uninitialized>true</uninitialized>
         <run_address>0xa9f8</run_address>
         <size>0x8</size>
         <input_file_ref idref="fl-1e"/>
      </object_component>
      <object_component id="oc-1d1">
         <name>.ebss:_SPI</name>
         <uninitialized>true</uninitialized>
         <run_address>0xaa30</run_address>
         <size>0x8</size>
         <input_file_ref idref="fl-1e"/>
      </object_component>
      <object_component id="oc-1d7">
         <name>.ebss:_ADC</name>
         <uninitialized>true</uninitialized>
         <run_address>0xaa26</run_address>
         <size>0xa</size>
         <input_file_ref idref="fl-1e"/>
      </object_component>
      <object_component id="oc-1d2">
         <name>.ebss:_ECAP</name>
         <uninitialized>true</uninitialized>
         <run_address>0xaa18</run_address>
         <size>0xe</size>
         <input_file_ref idref="fl-1e"/>
      </object_component>
      <object_component id="oc-1d9">
         <name>.ebss:_EPWM</name>
         <uninitialized>true</uninitialized>
         <run_address>0xa9de</run_address>
         <size>0x1a</size>
         <input_file_ref idref="fl-1e"/>
      </object_component>
      <object_component id="oc-1d3">
         <name>.ebss:_TRIP_SEL</name>
         <uninitialized>true</uninitialized>
         <run_address>0xa9c0</run_address>
         <size>0x1e</size>
         <input_file_ref idref="fl-1e"/>
      </object_component>
      <object_component id="oc-1b7">
         <name>.ebss</name>
         <uninitialized>true</uninitialized>
         <run_address>0xaa46</run_address>
         <size>0x6</size>
         <input_file_ref idref="fl-38"/>
      </object_component>
      <object_component id="oc-1dc">
         <name>.ebss:__lock</name>
         <uninitialized>true</uninitialized>
         <run_address>0xaa3e</run_address>
         <size>0x2</size>
         <input_file_ref idref="fl-39"/>
      </object_component>
      <object_component id="oc-1e5">
         <name>.ebss:__unlock</name>
         <uninitialized>true</uninitialized>
         <run_address>0xaa58</run_address>
         <size>0x2</size>
         <input_file_ref idref="fl-39"/>
      </object_component>
      <object_component id="oc-1e4">
         <name>.econst:_PieVectTableInit</name>
         <load_address>0xa800</load_address>
         <run_address>0xa800</run_address>
         <size>0x1c0</size>
         <input_file_ref idref="fl-15"/>
      </object_component>
      <object_component id="oc-d4">
         <name>PUTBUFFER</name>
         <uninitialized>true</uninitialized>
         <run_address>0x3fc00</run_address>
         <size>0x80</size>
         <input_file_ref idref="fl-10"/>
      </object_component>
      <object_component id="oc-d0">
         <name>PUTWRITEIDX</name>
         <uninitialized>true</uninitialized>
         <run_address>0x3fc80</run_address>
         <size>0x4</size>
         <input_file_ref idref="fl-10"/>
      </object_component>
      <object_component id="oc-d3">
         <name>GETREADIDX</name>
         <uninitialized>true</uninitialized>
         <run_address>0x3fc84</run_address>
         <size>0x4</size>
         <input_file_ref idref="fl-10"/>
      </object_component>
      <object_component id="oc-d5">
         <name>GETBUFFER</name>
         <uninitialized>true</uninitialized>
         <run_address>0x3f800</run_address>
         <size>0x80</size>
         <input_file_ref idref="fl-10"/>
      </object_component>
      <object_component id="oc-d2">
         <name>GETWRITEIDX</name>
         <uninitialized>true</uninitialized>
         <run_address>0x3f880</run_address>
         <size>0x4</size>
         <input_file_ref idref="fl-10"/>
      </object_component>
      <object_component id="oc-d1">
         <name>PUTREADIDX</name>
         <uninitialized>true</uninitialized>
         <run_address>0x3f884</run_address>
         <size>0x4</size>
         <input_file_ref idref="fl-10"/>
      </object_component>
      <object_component id="oc-18f">
         <name>PieVectTableFile</name>
         <uninitialized>true</uninitialized>
         <run_address>0xd00</run_address>
         <size>0x1c0</size>
         <input_file_ref idref="fl-20"/>
      </object_component>
      <object_component id="oc-123">
         <name>EmuKeyVar</name>
         <uninitialized>true</uninitialized>
         <run_address>0xd00</run_address>
         <size>0x1</size>
         <input_file_ref idref="fl-20"/>
      </object_component>
      <object_component id="oc-124">
         <name>EmuBModeVar</name>
         <uninitialized>true</uninitialized>
         <run_address>0xd01</run_address>
         <size>0x1</size>
         <input_file_ref idref="fl-20"/>
      </object_component>
      <object_component id="oc-13c">
         <name>AdcaResultFile</name>
         <uninitialized>true</uninitialized>
         <run_address>0xb00</run_address>
         <size>0x18</size>
         <input_file_ref idref="fl-20"/>
      </object_component>
      <object_component id="oc-13d">
         <name>AdcbResultFile</name>
         <uninitialized>true</uninitialized>
         <run_address>0xb20</run_address>
         <size>0x18</size>
         <input_file_ref idref="fl-20"/>
      </object_component>
      <object_component id="oc-13e">
         <name>AdccResultFile</name>
         <uninitialized>true</uninitialized>
         <run_address>0xb40</run_address>
         <size>0x18</size>
         <input_file_ref idref="fl-20"/>
      </object_component>
      <object_component id="oc-13f">
         <name>AdcdResultFile</name>
         <uninitialized>true</uninitialized>
         <run_address>0xb60</run_address>
         <size>0x18</size>
         <input_file_ref idref="fl-20"/>
      </object_component>
      <object_component id="oc-172">
         <name>AdcaRegsFile</name>
         <uninitialized>true</uninitialized>
         <run_address>0x7400</run_address>
         <size>0x80</size>
         <input_file_ref idref="fl-20"/>
      </object_component>
      <object_component id="oc-174">
         <name>AdcbRegsFile</name>
         <uninitialized>true</uninitialized>
         <run_address>0x7480</run_address>
         <size>0x80</size>
         <input_file_ref idref="fl-20"/>
      </object_component>
      <object_component id="oc-175">
         <name>AdccRegsFile</name>
         <uninitialized>true</uninitialized>
         <run_address>0x7500</run_address>
         <size>0x80</size>
         <input_file_ref idref="fl-20"/>
      </object_component>
      <object_component id="oc-176">
         <name>AdcdRegsFile</name>
         <uninitialized>true</uninitialized>
         <run_address>0x7580</run_address>
         <size>0x80</size>
         <input_file_ref idref="fl-20"/>
      </object_component>
      <object_component id="oc-16e">
         <name>AnalogSubsysRegsFile</name>
         <uninitialized>true</uninitialized>
         <run_address>0x5d180</run_address>
         <size>0x48</size>
         <input_file_ref idref="fl-20"/>
      </object_component>
      <object_component id="oc-18b">
         <name>CanaRegsFile</name>
         <uninitialized>true</uninitialized>
         <run_address>0x48000</run_address>
         <size>0x164</size>
         <input_file_ref idref="fl-20"/>
      </object_component>
      <object_component id="oc-18c">
         <name>CanbRegsFile</name>
         <uninitialized>true</uninitialized>
         <run_address>0x4a000</run_address>
         <size>0x164</size>
         <input_file_ref idref="fl-20"/>
      </object_component>
      <object_component id="oc-169">
         <name>Cla1RegsFile</name>
         <uninitialized>true</uninitialized>
         <run_address>0x1400</run_address>
         <size>0x3e</size>
         <input_file_ref idref="fl-20"/>
      </object_component>
      <object_component id="oc-128">
         <name>Cla1SoftIntRegsFile</name>
         <uninitialized>true</uninitialized>
         <run_address>0xce0</run_address>
         <size>0x4</size>
         <input_file_ref idref="fl-20"/>
      </object_component>
      <object_component id="oc-142">
         <name>Cmpss1RegsFile</name>
         <uninitialized>true</uninitialized>
         <run_address>0x5c80</run_address>
         <size>0x20</size>
         <input_file_ref idref="fl-20"/>
      </object_component>
      <object_component id="oc-143">
         <name>Cmpss2RegsFile</name>
         <uninitialized>true</uninitialized>
         <run_address>0x5ca0</run_address>
         <size>0x20</size>
         <input_file_ref idref="fl-20"/>
      </object_component>
      <object_component id="oc-144">
         <name>Cmpss3RegsFile</name>
         <uninitialized>true</uninitialized>
         <run_address>0x5cc0</run_address>
         <size>0x20</size>
         <input_file_ref idref="fl-20"/>
      </object_component>
      <object_component id="oc-145">
         <name>Cmpss4RegsFile</name>
         <uninitialized>true</uninitialized>
         <run_address>0x5ce0</run_address>
         <size>0x20</size>
         <input_file_ref idref="fl-20"/>
      </object_component>
      <object_component id="oc-146">
         <name>Cmpss5RegsFile</name>
         <uninitialized>true</uninitialized>
         <run_address>0x5d00</run_address>
         <size>0x20</size>
         <input_file_ref idref="fl-20"/>
      </object_component>
      <object_component id="oc-147">
         <name>Cmpss6RegsFile</name>
         <uninitialized>true</uninitialized>
         <run_address>0x5d20</run_address>
         <size>0x20</size>
         <input_file_ref idref="fl-20"/>
      </object_component>
      <object_component id="oc-148">
         <name>Cmpss7RegsFile</name>
         <uninitialized>true</uninitialized>
         <run_address>0x5d40</run_address>
         <size>0x20</size>
         <input_file_ref idref="fl-20"/>
      </object_component>
      <object_component id="oc-149">
         <name>Cmpss8RegsFile</name>
         <uninitialized>true</uninitialized>
         <run_address>0x5d60</run_address>
         <size>0x20</size>
         <input_file_ref idref="fl-20"/>
      </object_component>
      <object_component id="oc-12e">
         <name>CpuTimer0RegsFile</name>
         <uninitialized>true</uninitialized>
         <run_address>0xc00</run_address>
         <size>0x8</size>
         <input_file_ref idref="fl-20"/>
      </object_component>
      <object_component id="oc-12f">
         <name>CpuTimer1RegsFile</name>
         <uninitialized>true</uninitialized>
         <run_address>0xc08</run_address>
         <size>0x8</size>
         <input_file_ref idref="fl-20"/>
      </object_component>
      <object_component id="oc-130">
         <name>CpuTimer2RegsFile</name>
         <uninitialized>true</uninitialized>
         <run_address>0xc10</run_address>
         <size>0x8</size>
         <input_file_ref idref="fl-20"/>
      </object_component>
      <object_component id="oc-12b">
         <name>DacaRegsFile</name>
         <uninitialized>true</uninitialized>
         <run_address>0x5c00</run_address>
         <size>0x8</size>
         <input_file_ref idref="fl-20"/>
      </object_component>
      <object_component id="oc-12c">
         <name>DacbRegsFile</name>
         <uninitialized>true</uninitialized>
         <run_address>0x5c10</run_address>
         <size>0x8</size>
         <input_file_ref idref="fl-20"/>
      </object_component>
      <object_component id="oc-12d">
         <name>DaccRegsFile</name>
         <uninitialized>true</uninitialized>
         <run_address>0x5c20</run_address>
         <size>0x8</size>
         <input_file_ref idref="fl-20"/>
      </object_component>
      <object_component id="oc-15f">
         <name>DcsmZ1RegsFile</name>
         <uninitialized>true</uninitialized>
         <run_address>0x5f000</run_address>
         <size>0x24</size>
         <input_file_ref idref="fl-20"/>
      </object_component>
      <object_component id="oc-160">
         <name>DcsmZ2RegsFile</name>
         <uninitialized>true</uninitialized>
         <run_address>0x5f040</run_address>
         <size>0x24</size>
         <input_file_ref idref="fl-20"/>
      </object_component>
      <object_component id="oc-131">
         <name>DcsmCommonRegsFile</name>
         <uninitialized>true</uninitialized>
         <run_address>0x5f070</run_address>
         <size>0x8</size>
         <input_file_ref idref="fl-20"/>
      </object_component>
      <object_component id="oc-14a">
         <name>DcsmZ1OtpFile</name>
         <uninitialized>true</uninitialized>
         <run_address>0x78000</run_address>
         <size>0x20</size>
         <input_file_ref idref="fl-20"/>
      </object_component>
      <object_component id="oc-14b">
         <name>DcsmZ2OtpFile</name>
         <uninitialized>true</uninitialized>
         <run_address>0x78200</run_address>
         <size>0x20</size>
         <input_file_ref idref="fl-20"/>
      </object_component>
      <object_component id="oc-17c">
         <name>DmaRegsFile</name>
         <uninitialized>true</uninitialized>
         <run_address>0x1000</run_address>
         <size>0xe0</size>
         <input_file_ref idref="fl-20"/>
      </object_component>
      <object_component id="oc-140">
         <name>DmaClaSrcSelRegsFile</name>
         <uninitialized>true</uninitialized>
         <run_address>0x7980</run_address>
         <size>0x1a</size>
         <input_file_ref idref="fl-20"/>
      </object_component>
      <object_component id="oc-14c">
         <name>ECap1RegsFile</name>
         <uninitialized>true</uninitialized>
         <run_address>0x5000</run_address>
         <size>0x20</size>
         <input_file_ref idref="fl-20"/>
      </object_component>
      <object_component id="oc-14e">
         <name>ECap2RegsFile</name>
         <uninitialized>true</uninitialized>
         <run_address>0x5020</run_address>
         <size>0x20</size>
         <input_file_ref idref="fl-20"/>
      </object_component>
      <object_component id="oc-14f">
         <name>ECap3RegsFile</name>
         <uninitialized>true</uninitialized>
         <run_address>0x5040</run_address>
         <size>0x20</size>
         <input_file_ref idref="fl-20"/>
      </object_component>
      <object_component id="oc-150">
         <name>ECap4RegsFile</name>
         <uninitialized>true</uninitialized>
         <run_address>0x5060</run_address>
         <size>0x20</size>
         <input_file_ref idref="fl-20"/>
      </object_component>
      <object_component id="oc-151">
         <name>ECap5RegsFile</name>
         <uninitialized>true</uninitialized>
         <run_address>0x5080</run_address>
         <size>0x20</size>
         <input_file_ref idref="fl-20"/>
      </object_component>
      <object_component id="oc-152">
         <name>ECap6RegsFile</name>
         <uninitialized>true</uninitialized>
         <run_address>0x50a0</run_address>
         <size>0x20</size>
         <input_file_ref idref="fl-20"/>
      </object_component>
      <object_component id="oc-170">
         <name>Emif1RegsFile</name>
         <uninitialized>true</uninitialized>
         <run_address>0x47000</run_address>
         <size>0x70</size>
         <input_file_ref idref="fl-20"/>
      </object_component>
      <object_component id="oc-171">
         <name>Emif2RegsFile</name>
         <uninitialized>true</uninitialized>
         <run_address>0x47800</run_address>
         <size>0x70</size>
         <input_file_ref idref="fl-20"/>
      </object_component>
      <object_component id="oc-17d">
         <name>EPwm1RegsFile</name>
         <uninitialized>true</uninitialized>
         <run_address>0x4000</run_address>
         <size>0x100</size>
         <input_file_ref idref="fl-20"/>
      </object_component>
      <object_component id="oc-17f">
         <name>EPwm2RegsFile</name>
         <uninitialized>true</uninitialized>
         <run_address>0x4100</run_address>
         <size>0x100</size>
         <input_file_ref idref="fl-20"/>
      </object_component>
      <object_component id="oc-180">
         <name>EPwm3RegsFile</name>
         <uninitialized>true</uninitialized>
         <run_address>0x4200</run_address>
         <size>0x100</size>
         <input_file_ref idref="fl-20"/>
      </object_component>
      <object_component id="oc-181">
         <name>EPwm4RegsFile</name>
         <uninitialized>true</uninitialized>
         <run_address>0x4300</run_address>
         <size>0x100</size>
         <input_file_ref idref="fl-20"/>
      </object_component>
      <object_component id="oc-182">
         <name>EPwm5RegsFile</name>
         <uninitialized>true</uninitialized>
         <run_address>0x4400</run_address>
         <size>0x100</size>
         <input_file_ref idref="fl-20"/>
      </object_component>
      <object_component id="oc-183">
         <name>EPwm6RegsFile</name>
         <uninitialized>true</uninitialized>
         <run_address>0x4500</run_address>
         <size>0x100</size>
         <input_file_ref idref="fl-20"/>
      </object_component>
      <object_component id="oc-184">
         <name>EPwm7RegsFile</name>
         <uninitialized>true</uninitialized>
         <run_address>0x4600</run_address>
         <size>0x100</size>
         <input_file_ref idref="fl-20"/>
      </object_component>
      <object_component id="oc-185">
         <name>EPwm8RegsFile</name>
         <uninitialized>true</uninitialized>
         <run_address>0x4700</run_address>
         <size>0x100</size>
         <input_file_ref idref="fl-20"/>
      </object_component>
      <object_component id="oc-186">
         <name>EPwm9RegsFile</name>
         <uninitialized>true</uninitialized>
         <run_address>0x4800</run_address>
         <size>0x100</size>
         <input_file_ref idref="fl-20"/>
      </object_component>
      <object_component id="oc-187">
         <name>EPwm10RegsFile</name>
         <uninitialized>true</uninitialized>
         <run_address>0x4900</run_address>
         <size>0x100</size>
         <input_file_ref idref="fl-20"/>
      </object_component>
      <object_component id="oc-188">
         <name>EPwm11RegsFile</name>
         <uninitialized>true</uninitialized>
         <run_address>0x4a00</run_address>
         <size>0x100</size>
         <input_file_ref idref="fl-20"/>
      </object_component>
      <object_component id="oc-189">
         <name>EPwm12RegsFile</name>
         <uninitialized>true</uninitialized>
         <run_address>0x4b00</run_address>
         <size>0x100</size>
         <input_file_ref idref="fl-20"/>
      </object_component>
      <object_component id="oc-16a">
         <name>EPwmXbarRegsFile</name>
         <uninitialized>true</uninitialized>
         <run_address>0x7a00</run_address>
         <size>0x40</size>
         <input_file_ref idref="fl-20"/>
      </object_component>
      <object_component id="oc-158">
         <name>EQep1RegsFile</name>
         <uninitialized>true</uninitialized>
         <run_address>0x5100</run_address>
         <size>0x22</size>
         <input_file_ref idref="fl-20"/>
      </object_component>
      <object_component id="oc-15a">
         <name>EQep2RegsFile</name>
         <uninitialized>true</uninitialized>
         <run_address>0x5140</run_address>
         <size>0x22</size>
         <input_file_ref idref="fl-20"/>
      </object_component>
      <object_component id="oc-15b">
         <name>EQep3RegsFile</name>
         <uninitialized>true</uninitialized>
         <run_address>0x5180</run_address>
         <size>0x22</size>
         <input_file_ref idref="fl-20"/>
      </object_component>
      <object_component id="oc-18e">
         <name>Flash0CtrlRegsFile</name>
         <uninitialized>true</uninitialized>
         <run_address>0x5f800</run_address>
         <size>0x182</size>
         <input_file_ref idref="fl-20"/>
      </object_component>
      <object_component id="oc-165">
         <name>Flash0EccRegsFile</name>
         <uninitialized>true</uninitialized>
         <run_address>0x5fb00</run_address>
         <size>0x28</size>
         <input_file_ref idref="fl-20"/>
      </object_component>
      <object_component id="oc-18d">
         <name>GpioCtrlRegsFile</name>
         <uninitialized>true</uninitialized>
         <run_address>0x7c00</run_address>
         <size>0x180</size>
         <input_file_ref idref="fl-20"/>
      </object_component>
      <object_component id="oc-167">
         <name>GpioDataRegsFile</name>
         <uninitialized>true</uninitialized>
         <run_address>0x7f00</run_address>
         <size>0x30</size>
         <input_file_ref idref="fl-20"/>
      </object_component>
      <object_component id="oc-16b">
         <name>OutputXbarRegsFile</name>
         <uninitialized>true</uninitialized>
         <run_address>0x7a80</run_address>
         <size>0x40</size>
         <input_file_ref idref="fl-20"/>
      </object_component>
      <object_component id="oc-15c">
         <name>I2caRegsFile</name>
         <uninitialized>true</uninitialized>
         <run_address>0x7300</run_address>
         <size>0x22</size>
         <input_file_ref idref="fl-20"/>
      </object_component>
      <object_component id="oc-15e">
         <name>I2cbRegsFile</name>
         <uninitialized>true</uninitialized>
         <run_address>0x7340</run_address>
         <size>0x22</size>
         <input_file_ref idref="fl-20"/>
      </object_component>
      <object_component id="oc-153">
         <name>InputXbarRegsFile</name>
         <uninitialized>true</uninitialized>
         <run_address>0x7900</run_address>
         <size>0x20</size>
         <input_file_ref idref="fl-20"/>
      </object_component>
      <object_component id="oc-155">
         <name>XbarRegsFile</name>
         <uninitialized>true</uninitialized>
         <run_address>0x7920</run_address>
         <size>0x20</size>
         <input_file_ref idref="fl-20"/>
      </object_component>
      <object_component id="oc-161">
         <name>IpcRegsFile</name>
         <uninitialized>true</uninitialized>
         <run_address>0x50000</run_address>
         <size>0x24</size>
         <input_file_ref idref="fl-20"/>
      </object_component>
      <object_component id="oc-125">
         <name>FlashPumpSemaphoreRegsFile</name>
         <uninitialized>true</uninitialized>
         <run_address>0x50024</run_address>
         <size>0x2</size>
         <input_file_ref idref="fl-20"/>
      </object_component>
      <object_component id="oc-126">
         <name>RomPrefetchRegsFile</name>
         <uninitialized>true</uninitialized>
         <run_address>0x5e608</run_address>
         <size>0x2</size>
         <input_file_ref idref="fl-20"/>
      </object_component>
      <object_component id="oc-177">
         <name>MemCfgRegsFile</name>
         <uninitialized>true</uninitialized>
         <run_address>0x5f400</run_address>
         <size>0x80</size>
         <input_file_ref idref="fl-20"/>
      </object_component>
      <object_component id="oc-156">
         <name>Emif1ConfigRegsFile</name>
         <uninitialized>true</uninitialized>
         <run_address>0x5f480</run_address>
         <size>0x20</size>
         <input_file_ref idref="fl-20"/>
      </object_component>
      <object_component id="oc-157">
         <name>Emif2ConfigRegsFile</name>
         <uninitialized>true</uninitialized>
         <run_address>0x5f4a0</run_address>
         <size>0x20</size>
         <input_file_ref idref="fl-20"/>
      </object_component>
      <object_component id="oc-16c">
         <name>AccessProtectionRegsFile</name>
         <uninitialized>true</uninitialized>
         <run_address>0x5f4c0</run_address>
         <size>0x40</size>
         <input_file_ref idref="fl-20"/>
      </object_component>
      <object_component id="oc-16d">
         <name>MemoryErrorRegsFile</name>
         <uninitialized>true</uninitialized>
         <run_address>0x5f500</run_address>
         <size>0x40</size>
         <input_file_ref idref="fl-20"/>
      </object_component>
      <object_component id="oc-127">
         <name>RomWaitStateRegsFile</name>
         <uninitialized>true</uninitialized>
         <run_address>0x5f540</run_address>
         <size>0x2</size>
         <input_file_ref idref="fl-20"/>
      </object_component>
      <object_component id="oc-162">
         <name>McbspaRegsFile</name>
         <uninitialized>true</uninitialized>
         <run_address>0x6000</run_address>
         <size>0x24</size>
         <input_file_ref idref="fl-20"/>
      </object_component>
      <object_component id="oc-164">
         <name>McbspbRegsFile</name>
         <uninitialized>true</uninitialized>
         <run_address>0x6040</run_address>
         <size>0x24</size>
         <input_file_ref idref="fl-20"/>
      </object_component>
      <object_component id="oc-16f">
         <name>UppRegsFile</name>
         <uninitialized>true</uninitialized>
         <run_address>0x6200</run_address>
         <size>0x48</size>
         <input_file_ref idref="fl-20"/>
      </object_component>
      <object_component id="oc-12a">
         <name>NmiIntruptRegsFile</name>
         <uninitialized>true</uninitialized>
         <run_address>0x7060</run_address>
         <size>0x7</size>
         <input_file_ref idref="fl-20"/>
      </object_component>
      <object_component id="oc-141">
         <name>PieCtrlRegsFile</name>
         <uninitialized>true</uninitialized>
         <run_address>0xce0</run_address>
         <size>0x1a</size>
         <input_file_ref idref="fl-20"/>
      </object_component>
      <object_component id="oc-133">
         <name>SciaRegsFile</name>
         <uninitialized>true</uninitialized>
         <run_address>0x7200</run_address>
         <size>0x10</size>
         <input_file_ref idref="fl-20"/>
      </object_component>
      <object_component id="oc-135">
         <name>ScibRegsFile</name>
         <uninitialized>true</uninitialized>
         <run_address>0x7210</run_address>
         <size>0x10</size>
         <input_file_ref idref="fl-20"/>
      </object_component>
      <object_component id="oc-136">
         <name>ScicRegsFile</name>
         <uninitialized>true</uninitialized>
         <run_address>0x7220</run_address>
         <size>0x10</size>
         <input_file_ref idref="fl-20"/>
      </object_component>
      <object_component id="oc-137">
         <name>ScidRegsFile</name>
         <uninitialized>true</uninitialized>
         <run_address>0x7230</run_address>
         <size>0x10</size>
         <input_file_ref idref="fl-20"/>
      </object_component>
      <object_component id="oc-178">
         <name>Sdfm1RegsFile</name>
         <uninitialized>true</uninitialized>
         <run_address>0x5e00</run_address>
         <size>0x80</size>
         <input_file_ref idref="fl-20"/>
      </object_component>
      <object_component id="oc-17a">
         <name>Sdfm2RegsFile</name>
         <uninitialized>true</uninitialized>
         <run_address>0x5e80</run_address>
         <size>0x80</size>
         <input_file_ref idref="fl-20"/>
      </object_component>
      <object_component id="oc-138">
         <name>SpiaRegsFile</name>
         <uninitialized>true</uninitialized>
         <run_address>0x6100</run_address>
         <size>0x10</size>
         <input_file_ref idref="fl-20"/>
      </object_component>
      <object_component id="oc-13a">
         <name>SpibRegsFile</name>
         <uninitialized>true</uninitialized>
         <run_address>0x6110</run_address>
         <size>0x10</size>
         <input_file_ref idref="fl-20"/>
      </object_component>
      <object_component id="oc-13b">
         <name>SpicRegsFile</name>
         <uninitialized>true</uninitialized>
         <run_address>0x6120</run_address>
         <size>0x10</size>
         <input_file_ref idref="fl-20"/>
      </object_component>
      <object_component id="oc-18a">
         <name>DevCfgRegsFile</name>
         <uninitialized>true</uninitialized>
         <run_address>0x5d000</run_address>
         <size>0x12e</size>
         <input_file_ref idref="fl-20"/>
      </object_component>
      <object_component id="oc-168">
         <name>ClkCfgRegsFile</name>
         <uninitialized>true</uninitialized>
         <run_address>0x5d200</run_address>
         <size>0x32</size>
         <input_file_ref idref="fl-20"/>
      </object_component>
      <object_component id="oc-17b">
         <name>CpuSysRegsFile</name>
         <uninitialized>true</uninitialized>
         <run_address>0x5d300</run_address>
         <size>0x82</size>
         <input_file_ref idref="fl-20"/>
      </object_component>
      <object_component id="oc-129">
         <name>SyncSocRegsFile</name>
         <uninitialized>true</uninitialized>
         <run_address>0x7940</run_address>
         <size>0x6</size>
         <input_file_ref idref="fl-20"/>
      </object_component>
      <object_component id="oc-166">
         <name>WdRegsFile</name>
         <uninitialized>true</uninitialized>
         <run_address>0x7000</run_address>
         <size>0x2b</size>
         <input_file_ref idref="fl-20"/>
      </object_component>
      <object_component id="oc-132">
         <name>XintRegsFile</name>
         <uninitialized>true</uninitialized>
         <run_address>0x7070</run_address>
         <size>0xb</size>
         <input_file_ref idref="fl-20"/>
      </object_component>
      <object_component id="oc-84">
         <name>.debug_info</name>
         <load_address>0x0</load_address>
         <run_address>0x0</run_address>
         <size>0xbf62</size>
         <input_file_ref idref="fl-2"/>
      </object_component>
      <object_component id="oc-8c">
         <name>.debug_info</name>
         <load_address>0xbf62</load_address>
         <run_address>0xbf62</run_address>
         <size>0x4634</size>
         <input_file_ref idref="fl-3"/>
      </object_component>
      <object_component id="oc-93">
         <name>.debug_info</name>
         <load_address>0x10596</load_address>
         <run_address>0x10596</run_address>
         <size>0x11d</size>
         <input_file_ref idref="fl-4"/>
      </object_component>
      <object_component id="oc-96">
         <name>.debug_info</name>
         <load_address>0x106b3</load_address>
         <run_address>0x106b3</run_address>
         <size>0x841</size>
         <input_file_ref idref="fl-5"/>
      </object_component>
      <object_component id="oc-9e">
         <name>.debug_info</name>
         <load_address>0x10ef4</load_address>
         <run_address>0x10ef4</run_address>
         <size>0x116</size>
         <input_file_ref idref="fl-6"/>
      </object_component>
      <object_component id="oc-a1">
         <name>.debug_info</name>
         <load_address>0x1100a</load_address>
         <run_address>0x1100a</run_address>
         <size>0x3cad</size>
         <input_file_ref idref="fl-7"/>
      </object_component>
      <object_component id="oc-a7">
         <name>.debug_info</name>
         <load_address>0x14cb7</load_address>
         <run_address>0x14cb7</run_address>
         <size>0x4728</size>
         <input_file_ref idref="fl-8"/>
      </object_component>
      <object_component id="oc-ac">
         <name>.debug_info</name>
         <load_address>0x193df</load_address>
         <run_address>0x193df</run_address>
         <size>0x13e62</size>
         <input_file_ref idref="fl-9"/>
      </object_component>
      <object_component id="oc-b1">
         <name>.debug_info</name>
         <load_address>0x2d241</load_address>
         <run_address>0x2d241</run_address>
         <size>0xf3f0</size>
         <input_file_ref idref="fl-a"/>
      </object_component>
      <object_component id="oc-b6">
         <name>.debug_info</name>
         <load_address>0x3c631</load_address>
         <run_address>0x3c631</run_address>
         <size>0xf3f0</size>
         <input_file_ref idref="fl-b"/>
      </object_component>
      <object_component id="oc-bb">
         <name>.debug_info</name>
         <load_address>0x4ba21</load_address>
         <run_address>0x4ba21</run_address>
         <size>0x5453</size>
         <input_file_ref idref="fl-c"/>
      </object_component>
      <object_component id="oc-c0">
         <name>.debug_info</name>
         <load_address>0x50e74</load_address>
         <run_address>0x50e74</run_address>
         <size>0x19e04</size>
         <input_file_ref idref="fl-d"/>
      </object_component>
      <object_component id="oc-c5">
         <name>.debug_info</name>
         <load_address>0x6ac78</load_address>
         <run_address>0x6ac78</run_address>
         <size>0xf3ef</size>
         <input_file_ref idref="fl-e"/>
      </object_component>
      <object_component id="oc-ca">
         <name>.debug_info</name>
         <load_address>0x7a067</load_address>
         <run_address>0x7a067</run_address>
         <size>0x164c</size>
         <input_file_ref idref="fl-f"/>
      </object_component>
      <object_component id="oc-cf">
         <name>.debug_info</name>
         <load_address>0x7b6b3</load_address>
         <run_address>0x7b6b3</run_address>
         <size>0x19cd</size>
         <input_file_ref idref="fl-10"/>
      </object_component>
      <object_component id="oc-da">
         <name>.debug_info</name>
         <load_address>0x7d080</load_address>
         <run_address>0x7d080</run_address>
         <size>0x4901</size>
         <input_file_ref idref="fl-11"/>
      </object_component>
      <object_component id="oc-df">
         <name>.debug_info</name>
         <load_address>0x81981</load_address>
         <run_address>0x81981</run_address>
         <size>0x17c4b</size>
         <input_file_ref idref="fl-12"/>
      </object_component>
      <object_component id="oc-e4">
         <name>.debug_info</name>
         <load_address>0x995cc</load_address>
         <run_address>0x995cc</run_address>
         <size>0x10389</size>
         <input_file_ref idref="fl-13"/>
      </object_component>
      <object_component id="oc-e9">
         <name>.debug_info</name>
         <load_address>0xa9955</load_address>
         <run_address>0xa9955</run_address>
         <size>0x3587</size>
         <input_file_ref idref="fl-14"/>
      </object_component>
      <object_component id="oc-ee">
         <name>.debug_info</name>
         <load_address>0xacedc</load_address>
         <run_address>0xacedc</run_address>
         <size>0x673f</size>
         <input_file_ref idref="fl-15"/>
      </object_component>
      <object_component id="oc-f3">
         <name>.debug_info</name>
         <load_address>0xb361b</load_address>
         <run_address>0xb361b</run_address>
         <size>0x1a7</size>
         <input_file_ref idref="fl-16"/>
      </object_component>
      <object_component id="oc-f5">
         <name>.debug_info</name>
         <load_address>0xb37c2</load_address>
         <run_address>0xb37c2</run_address>
         <size>0xfcd7</size>
         <input_file_ref idref="fl-17"/>
      </object_component>
      <object_component id="oc-fa">
         <name>.debug_info</name>
         <load_address>0xc3499</load_address>
         <run_address>0xc3499</run_address>
         <size>0xc921</size>
         <input_file_ref idref="fl-18"/>
      </object_component>
      <object_component id="oc-ff">
         <name>.debug_info</name>
         <load_address>0xcfdba</load_address>
         <run_address>0xcfdba</run_address>
         <size>0x4dba</size>
         <input_file_ref idref="fl-19"/>
      </object_component>
      <object_component id="oc-105">
         <name>.debug_info</name>
         <load_address>0xd4b74</load_address>
         <run_address>0xd4b74</run_address>
         <size>0x10992</size>
         <input_file_ref idref="fl-1a"/>
      </object_component>
      <object_component id="oc-10a">
         <name>.debug_info</name>
         <load_address>0xe5506</load_address>
         <run_address>0xe5506</run_address>
         <size>0x2ae7</size>
         <input_file_ref idref="fl-1b"/>
      </object_component>
      <object_component id="oc-10f">
         <name>.debug_info</name>
         <load_address>0xe7fed</load_address>
         <run_address>0xe7fed</run_address>
         <size>0x342d</size>
         <input_file_ref idref="fl-1c"/>
      </object_component>
      <object_component id="oc-116">
         <name>.debug_info</name>
         <load_address>0xeb41a</load_address>
         <run_address>0xeb41a</run_address>
         <size>0x1fe1</size>
         <input_file_ref idref="fl-1d"/>
      </object_component>
      <object_component id="oc-11b">
         <name>.debug_info</name>
         <load_address>0xed3fb</load_address>
         <run_address>0xed3fb</run_address>
         <size>0xffdc</size>
         <input_file_ref idref="fl-1e"/>
      </object_component>
      <object_component id="oc-11f">
         <name>.debug_info</name>
         <load_address>0xfd3d7</load_address>
         <run_address>0xfd3d7</run_address>
         <size>0x118</size>
         <input_file_ref idref="fl-1f"/>
      </object_component>
      <object_component id="oc-122">
         <name>.debug_info</name>
         <load_address>0xfd4ef</load_address>
         <run_address>0xfd4ef</run_address>
         <size>0x50361</size>
         <input_file_ref idref="fl-20"/>
      </object_component>
      <object_component id="oc-193">
         <name>.debug_info</name>
         <load_address>0x14d850</load_address>
         <run_address>0x14d850</run_address>
         <size>0x173</size>
         <input_file_ref idref="fl-31"/>
      </object_component>
      <object_component id="oc-198">
         <name>.debug_info</name>
         <load_address>0x14d9c3</load_address>
         <run_address>0x14d9c3</run_address>
         <size>0x114</size>
         <input_file_ref idref="fl-32"/>
      </object_component>
      <object_component id="oc-19d">
         <name>.debug_info</name>
         <load_address>0x14dad7</load_address>
         <run_address>0x14dad7</run_address>
         <size>0x176</size>
         <input_file_ref idref="fl-33"/>
      </object_component>
      <object_component id="oc-1a1">
         <name>.debug_info</name>
         <load_address>0x14dc4d</load_address>
         <run_address>0x14dc4d</run_address>
         <size>0x561</size>
         <input_file_ref idref="fl-34"/>
      </object_component>
      <object_component id="oc-1a6">
         <name>.debug_info</name>
         <load_address>0x14e1ae</load_address>
         <run_address>0x14e1ae</run_address>
         <size>0x43a</size>
         <input_file_ref idref="fl-35"/>
      </object_component>
      <object_component id="oc-1ab">
         <name>.debug_info</name>
         <load_address>0x14e5e8</load_address>
         <run_address>0x14e5e8</run_address>
         <size>0x3ad</size>
         <input_file_ref idref="fl-36"/>
      </object_component>
      <object_component id="oc-1b0">
         <name>.debug_info</name>
         <load_address>0x14e995</load_address>
         <run_address>0x14e995</run_address>
         <size>0x3aa</size>
         <input_file_ref idref="fl-37"/>
      </object_component>
      <object_component id="oc-1b5">
         <name>.debug_info</name>
         <load_address>0x14ed3f</load_address>
         <run_address>0x14ed3f</run_address>
         <size>0x544</size>
         <input_file_ref idref="fl-38"/>
      </object_component>
      <object_component id="oc-1bc">
         <name>.debug_info</name>
         <load_address>0x14f283</load_address>
         <run_address>0x14f283</run_address>
         <size>0x4cc</size>
         <input_file_ref idref="fl-39"/>
      </object_component>
      <object_component id="oc-1c1">
         <name>.debug_info</name>
         <load_address>0x14f74f</load_address>
         <run_address>0x14f74f</run_address>
         <size>0x467</size>
         <input_file_ref idref="fl-3a"/>
      </object_component>
      <object_component id="oc-1c6">
         <name>.debug_info</name>
         <load_address>0x14fbb6</load_address>
         <run_address>0x14fbb6</run_address>
         <size>0x376</size>
         <input_file_ref idref="fl-3b"/>
      </object_component>
      <object_component id="oc-272">
         <name>.debug_info</name>
         <load_address>0x14ff2c</load_address>
         <run_address>0x14ff2c</run_address>
         <size>0xc5</size>
      </object_component>
      <object_component id="oc-88">
         <name>.debug_frame</name>
         <load_address>0x0</load_address>
         <run_address>0x0</run_address>
         <size>0x68</size>
         <input_file_ref idref="fl-2"/>
      </object_component>
      <object_component id="oc-8d">
         <name>.debug_frame</name>
         <load_address>0x68</load_address>
         <run_address>0x68</run_address>
         <size>0x28</size>
         <input_file_ref idref="fl-3"/>
      </object_component>
      <object_component id="oc-98">
         <name>.debug_frame</name>
         <load_address>0x90</load_address>
         <run_address>0x90</run_address>
         <size>0x28</size>
         <input_file_ref idref="fl-5"/>
      </object_component>
      <object_component id="oc-a3">
         <name>.debug_frame</name>
         <load_address>0xb8</load_address>
         <run_address>0xb8</run_address>
         <size>0x11d0</size>
         <input_file_ref idref="fl-7"/>
      </object_component>
      <object_component id="oc-a8">
         <name>.debug_frame</name>
         <load_address>0x1288</load_address>
         <run_address>0x1288</run_address>
         <size>0x28</size>
         <input_file_ref idref="fl-8"/>
      </object_component>
      <object_component id="oc-ad">
         <name>.debug_frame</name>
         <load_address>0x12b0</load_address>
         <run_address>0x12b0</run_address>
         <size>0x28</size>
         <input_file_ref idref="fl-9"/>
      </object_component>
      <object_component id="oc-b2">
         <name>.debug_frame</name>
         <load_address>0x12d8</load_address>
         <run_address>0x12d8</run_address>
         <size>0x28</size>
         <input_file_ref idref="fl-a"/>
      </object_component>
      <object_component id="oc-b7">
         <name>.debug_frame</name>
         <load_address>0x1300</load_address>
         <run_address>0x1300</run_address>
         <size>0x28</size>
         <input_file_ref idref="fl-b"/>
      </object_component>
      <object_component id="oc-bc">
         <name>.debug_frame</name>
         <load_address>0x1328</load_address>
         <run_address>0x1328</run_address>
         <size>0x28</size>
         <input_file_ref idref="fl-c"/>
      </object_component>
      <object_component id="oc-c1">
         <name>.debug_frame</name>
         <load_address>0x1350</load_address>
         <run_address>0x1350</run_address>
         <size>0x1a8</size>
         <input_file_ref idref="fl-d"/>
      </object_component>
      <object_component id="oc-c6">
         <name>.debug_frame</name>
         <load_address>0x14f8</load_address>
         <run_address>0x14f8</run_address>
         <size>0x28</size>
         <input_file_ref idref="fl-e"/>
      </object_component>
      <object_component id="oc-cb">
         <name>.debug_frame</name>
         <load_address>0x1520</load_address>
         <run_address>0x1520</run_address>
         <size>0x28</size>
         <input_file_ref idref="fl-f"/>
      </object_component>
      <object_component id="oc-d6">
         <name>.debug_frame</name>
         <load_address>0x1548</load_address>
         <run_address>0x1548</run_address>
         <size>0x28</size>
         <input_file_ref idref="fl-10"/>
      </object_component>
      <object_component id="oc-db">
         <name>.debug_frame</name>
         <load_address>0x1570</load_address>
         <run_address>0x1570</run_address>
         <size>0x28</size>
         <input_file_ref idref="fl-11"/>
      </object_component>
      <object_component id="oc-e0">
         <name>.debug_frame</name>
         <load_address>0x1598</load_address>
         <run_address>0x1598</run_address>
         <size>0x28</size>
         <input_file_ref idref="fl-12"/>
      </object_component>
      <object_component id="oc-e5">
         <name>.debug_frame</name>
         <load_address>0x15c0</load_address>
         <run_address>0x15c0</run_address>
         <size>0x28</size>
         <input_file_ref idref="fl-13"/>
      </object_component>
      <object_component id="oc-ea">
         <name>.debug_frame</name>
         <load_address>0x15e8</load_address>
         <run_address>0x15e8</run_address>
         <size>0x58</size>
         <input_file_ref idref="fl-14"/>
      </object_component>
      <object_component id="oc-ef">
         <name>.debug_frame</name>
         <load_address>0x1640</load_address>
         <run_address>0x1640</run_address>
         <size>0x44</size>
         <input_file_ref idref="fl-15"/>
      </object_component>
      <object_component id="oc-f6">
         <name>.debug_frame</name>
         <load_address>0x1684</load_address>
         <run_address>0x1684</run_address>
         <size>0x28</size>
         <input_file_ref idref="fl-17"/>
      </object_component>
      <object_component id="oc-fb">
         <name>.debug_frame</name>
         <load_address>0x16ac</load_address>
         <run_address>0x16ac</run_address>
         <size>0x214</size>
         <input_file_ref idref="fl-18"/>
      </object_component>
      <object_component id="oc-101">
         <name>.debug_frame</name>
         <load_address>0x18c0</load_address>
         <run_address>0x18c0</run_address>
         <size>0x28</size>
         <input_file_ref idref="fl-19"/>
      </object_component>
      <object_component id="oc-106">
         <name>.debug_frame</name>
         <load_address>0x18e8</load_address>
         <run_address>0x18e8</run_address>
         <size>0x28</size>
         <input_file_ref idref="fl-1a"/>
      </object_component>
      <object_component id="oc-10b">
         <name>.debug_frame</name>
         <load_address>0x1910</load_address>
         <run_address>0x1910</run_address>
         <size>0x28</size>
         <input_file_ref idref="fl-1b"/>
      </object_component>
      <object_component id="oc-112">
         <name>.debug_frame</name>
         <load_address>0x1938</load_address>
         <run_address>0x1938</run_address>
         <size>0x28</size>
         <input_file_ref idref="fl-1c"/>
      </object_component>
      <object_component id="oc-117">
         <name>.debug_frame</name>
         <load_address>0x1960</load_address>
         <run_address>0x1960</run_address>
         <size>0x28</size>
         <input_file_ref idref="fl-1d"/>
      </object_component>
      <object_component id="oc-1a2">
         <name>.debug_frame</name>
         <load_address>0x1988</load_address>
         <run_address>0x1988</run_address>
         <size>0x60</size>
         <input_file_ref idref="fl-34"/>
      </object_component>
      <object_component id="oc-1a7">
         <name>.debug_frame</name>
         <load_address>0x19e8</load_address>
         <run_address>0x19e8</run_address>
         <size>0x40</size>
         <input_file_ref idref="fl-35"/>
      </object_component>
      <object_component id="oc-1ac">
         <name>.debug_frame</name>
         <load_address>0x1a28</load_address>
         <run_address>0x1a28</run_address>
         <size>0x40</size>
         <input_file_ref idref="fl-36"/>
      </object_component>
      <object_component id="oc-1b1">
         <name>.debug_frame</name>
         <load_address>0x1a68</load_address>
         <run_address>0x1a68</run_address>
         <size>0x40</size>
         <input_file_ref idref="fl-37"/>
      </object_component>
      <object_component id="oc-1b8">
         <name>.debug_frame</name>
         <load_address>0x1aa8</load_address>
         <run_address>0x1aa8</run_address>
         <size>0x60</size>
         <input_file_ref idref="fl-38"/>
      </object_component>
      <object_component id="oc-1bd">
         <name>.debug_frame</name>
         <load_address>0x1b08</load_address>
         <run_address>0x1b08</run_address>
         <size>0x70</size>
         <input_file_ref idref="fl-39"/>
      </object_component>
      <object_component id="oc-1c2">
         <name>.debug_frame</name>
         <load_address>0x1b78</load_address>
         <run_address>0x1b78</run_address>
         <size>0x40</size>
         <input_file_ref idref="fl-3a"/>
      </object_component>
      <object_component id="oc-1c7">
         <name>.debug_frame</name>
         <load_address>0x1bb8</load_address>
         <run_address>0x1bb8</run_address>
         <size>0x28</size>
         <input_file_ref idref="fl-3b"/>
      </object_component>
      <object_component id="oc-89">
         <name>.debug_line</name>
         <load_address>0x0</load_address>
         <run_address>0x0</run_address>
         <size>0x82</size>
         <input_file_ref idref="fl-2"/>
      </object_component>
      <object_component id="oc-8e">
         <name>.debug_line</name>
         <load_address>0x82</load_address>
         <run_address>0x82</run_address>
         <size>0x38</size>
         <input_file_ref idref="fl-3"/>
      </object_component>
      <object_component id="oc-92">
         <name>.debug_line</name>
         <load_address>0xba</load_address>
         <run_address>0xba</run_address>
         <size>0x54</size>
         <input_file_ref idref="fl-4"/>
      </object_component>
      <object_component id="oc-99">
         <name>.debug_line</name>
         <load_address>0x10e</load_address>
         <run_address>0x10e</run_address>
         <size>0x3e</size>
         <input_file_ref idref="fl-5"/>
      </object_component>
      <object_component id="oc-9d">
         <name>.debug_line</name>
         <load_address>0x14c</load_address>
         <run_address>0x14c</run_address>
         <size>0x4d</size>
         <input_file_ref idref="fl-6"/>
      </object_component>
      <object_component id="oc-a4">
         <name>.debug_line</name>
         <load_address>0x199</load_address>
         <run_address>0x199</run_address>
         <size>0xce2</size>
         <input_file_ref idref="fl-7"/>
      </object_component>
      <object_component id="oc-a9">
         <name>.debug_line</name>
         <load_address>0xe7b</load_address>
         <run_address>0xe7b</run_address>
         <size>0x38</size>
         <input_file_ref idref="fl-8"/>
      </object_component>
      <object_component id="oc-ae">
         <name>.debug_line</name>
         <load_address>0xeb3</load_address>
         <run_address>0xeb3</run_address>
         <size>0x39</size>
         <input_file_ref idref="fl-9"/>
      </object_component>
      <object_component id="oc-b3">
         <name>.debug_line</name>
         <load_address>0xeec</load_address>
         <run_address>0xeec</run_address>
         <size>0x39</size>
         <input_file_ref idref="fl-a"/>
      </object_component>
      <object_component id="oc-b8">
         <name>.debug_line</name>
         <load_address>0xf25</load_address>
         <run_address>0xf25</run_address>
         <size>0x39</size>
         <input_file_ref idref="fl-b"/>
      </object_component>
      <object_component id="oc-bd">
         <name>.debug_line</name>
         <load_address>0xf5e</load_address>
         <run_address>0xf5e</run_address>
         <size>0x39</size>
         <input_file_ref idref="fl-c"/>
      </object_component>
      <object_component id="oc-c2">
         <name>.debug_line</name>
         <load_address>0xf97</load_address>
         <run_address>0xf97</run_address>
         <size>0x244</size>
         <input_file_ref idref="fl-d"/>
      </object_component>
      <object_component id="oc-c7">
         <name>.debug_line</name>
         <load_address>0x11db</load_address>
         <run_address>0x11db</run_address>
         <size>0x38</size>
         <input_file_ref idref="fl-e"/>
      </object_component>
      <object_component id="oc-cc">
         <name>.debug_line</name>
         <load_address>0x1213</load_address>
         <run_address>0x1213</run_address>
         <size>0x38</size>
         <input_file_ref idref="fl-f"/>
      </object_component>
      <object_component id="oc-d7">
         <name>.debug_line</name>
         <load_address>0x124b</load_address>
         <run_address>0x124b</run_address>
         <size>0x3f</size>
         <input_file_ref idref="fl-10"/>
      </object_component>
      <object_component id="oc-dc">
         <name>.debug_line</name>
         <load_address>0x128a</load_address>
         <run_address>0x128a</run_address>
         <size>0x44</size>
         <input_file_ref idref="fl-11"/>
      </object_component>
      <object_component id="oc-e1">
         <name>.debug_line</name>
         <load_address>0x12ce</load_address>
         <run_address>0x12ce</run_address>
         <size>0x44</size>
         <input_file_ref idref="fl-12"/>
      </object_component>
      <object_component id="oc-e6">
         <name>.debug_line</name>
         <load_address>0x1312</load_address>
         <run_address>0x1312</run_address>
         <size>0x3a</size>
         <input_file_ref idref="fl-13"/>
      </object_component>
      <object_component id="oc-eb">
         <name>.debug_line</name>
         <load_address>0x134c</load_address>
         <run_address>0x134c</run_address>
         <size>0x8c</size>
         <input_file_ref idref="fl-14"/>
      </object_component>
      <object_component id="oc-f0">
         <name>.debug_line</name>
         <load_address>0x13d8</load_address>
         <run_address>0x13d8</run_address>
         <size>0x70</size>
         <input_file_ref idref="fl-15"/>
      </object_component>
      <object_component id="oc-f7">
         <name>.debug_line</name>
         <load_address>0x1448</load_address>
         <run_address>0x1448</run_address>
         <size>0x38</size>
         <input_file_ref idref="fl-17"/>
      </object_component>
      <object_component id="oc-fc">
         <name>.debug_line</name>
         <load_address>0x1480</load_address>
         <run_address>0x1480</run_address>
         <size>0x44f</size>
         <input_file_ref idref="fl-18"/>
      </object_component>
      <object_component id="oc-102">
         <name>.debug_line</name>
         <load_address>0x18cf</load_address>
         <run_address>0x18cf</run_address>
         <size>0x43</size>
         <input_file_ref idref="fl-19"/>
      </object_component>
      <object_component id="oc-107">
         <name>.debug_line</name>
         <load_address>0x1912</load_address>
         <run_address>0x1912</run_address>
         <size>0x38</size>
         <input_file_ref idref="fl-1a"/>
      </object_component>
      <object_component id="oc-10c">
         <name>.debug_line</name>
         <load_address>0x194a</load_address>
         <run_address>0x194a</run_address>
         <size>0x38</size>
         <input_file_ref idref="fl-1b"/>
      </object_component>
      <object_component id="oc-113">
         <name>.debug_line</name>
         <load_address>0x1982</load_address>
         <run_address>0x1982</run_address>
         <size>0x3b</size>
         <input_file_ref idref="fl-1c"/>
      </object_component>
      <object_component id="oc-118">
         <name>.debug_line</name>
         <load_address>0x19bd</load_address>
         <run_address>0x19bd</run_address>
         <size>0x41</size>
         <input_file_ref idref="fl-1d"/>
      </object_component>
      <object_component id="oc-11e">
         <name>.debug_line</name>
         <load_address>0x19fe</load_address>
         <run_address>0x19fe</run_address>
         <size>0x4e</size>
         <input_file_ref idref="fl-1f"/>
      </object_component>
      <object_component id="oc-194">
         <name>.debug_line</name>
         <load_address>0x1a4c</load_address>
         <run_address>0x1a4c</run_address>
         <size>0x7e</size>
         <input_file_ref idref="fl-31"/>
      </object_component>
      <object_component id="oc-199">
         <name>.debug_line</name>
         <load_address>0x1aca</load_address>
         <run_address>0x1aca</run_address>
         <size>0xad</size>
         <input_file_ref idref="fl-32"/>
      </object_component>
      <object_component id="oc-19e">
         <name>.debug_line</name>
         <load_address>0x1b77</load_address>
         <run_address>0x1b77</run_address>
         <size>0x6c</size>
         <input_file_ref idref="fl-33"/>
      </object_component>
      <object_component id="oc-1a3">
         <name>.debug_line</name>
         <load_address>0x1be3</load_address>
         <run_address>0x1be3</run_address>
         <size>0x50</size>
         <input_file_ref idref="fl-34"/>
      </object_component>
      <object_component id="oc-1a8">
         <name>.debug_line</name>
         <load_address>0x1c33</load_address>
         <run_address>0x1c33</run_address>
         <size>0x62</size>
         <input_file_ref idref="fl-35"/>
      </object_component>
      <object_component id="oc-1ad">
         <name>.debug_line</name>
         <load_address>0x1c95</load_address>
         <run_address>0x1c95</run_address>
         <size>0x3e</size>
         <input_file_ref idref="fl-36"/>
      </object_component>
      <object_component id="oc-1b2">
         <name>.debug_line</name>
         <load_address>0x1cd3</load_address>
         <run_address>0x1cd3</run_address>
         <size>0x3a</size>
         <input_file_ref idref="fl-37"/>
      </object_component>
      <object_component id="oc-1b9">
         <name>.debug_line</name>
         <load_address>0x1d0d</load_address>
         <run_address>0x1d0d</run_address>
         <size>0x65</size>
         <input_file_ref idref="fl-38"/>
      </object_component>
      <object_component id="oc-1be">
         <name>.debug_line</name>
         <load_address>0x1d72</load_address>
         <run_address>0x1d72</run_address>
         <size>0x5e</size>
         <input_file_ref idref="fl-39"/>
      </object_component>
      <object_component id="oc-1c3">
         <name>.debug_line</name>
         <load_address>0x1dd0</load_address>
         <run_address>0x1dd0</run_address>
         <size>0x4f</size>
         <input_file_ref idref="fl-3a"/>
      </object_component>
      <object_component id="oc-1c8">
         <name>.debug_line</name>
         <load_address>0x1e1f</load_address>
         <run_address>0x1e1f</run_address>
         <size>0x8f</size>
         <input_file_ref idref="fl-3b"/>
      </object_component>
      <object_component id="oc-8a">
         <name>.debug_abbrev</name>
         <load_address>0x0</load_address>
         <run_address>0x0</run_address>
         <size>0x166</size>
         <input_file_ref idref="fl-2"/>
      </object_component>
      <object_component id="oc-8f">
         <name>.debug_abbrev</name>
         <load_address>0x166</load_address>
         <run_address>0x166</run_address>
         <size>0x115</size>
         <input_file_ref idref="fl-3"/>
      </object_component>
      <object_component id="oc-94">
         <name>.debug_abbrev</name>
         <load_address>0x27b</load_address>
         <run_address>0x27b</run_address>
         <size>0x21</size>
         <input_file_ref idref="fl-4"/>
      </object_component>
      <object_component id="oc-9a">
         <name>.debug_abbrev</name>
[...]
         <value>0xaa18</value>
         <object_component_ref idref="oc-1d2"/>
      </symbol>
      <symbol id="sm-403">
         <name>_SPI</name>
         <value>0xaa30</value>
         <object_component_ref idref="oc-1d1"/>
      </symbol>
      <symbol id="sm-404">
         <name>_EQEP</name>
         <value>0xa9f8</value>
         <object_component_ref idref="oc-1d4"/>
      </symbol>
      <symbol id="sm-405">
         <name>_SDFM</name>
         <value>0xaa40</value>
         <object_component_ref idref="oc-1d8"/>
      </symbol>
      <symbol id="sm-406">
         <name>_ADC</name>
         <value>0xaa26</value>
         <object_component_ref idref="oc-1d7"/>
      </symbol>
      <symbol id="sm-407">
         <name>_SCI</name>
         <value>0xaa54</value>
         <object_component_ref idref="oc-1d0"/>
      </symbol>
      <symbol id="sm-413">
         <name>_F28x_usDelay</name>
         <value>0x1d5</value>
         <object_component_ref idref="oc-11d"/>
      </symbol>
      <symbol id="sm-4df">
         <name>_WdRegs</name>
         <value>0x7000</value>
         <object_component_ref idref="oc-166"/>
      </symbol>
      <symbol id="sm-4e0">
         <name>_CanaRegs</name>
         <value>0x48000</value>
         <object_component_ref idref="oc-18b"/>
      </symbol>
      <symbol id="sm-4e1">
         <name>_GpioCtrlRegs</name>
         <value>0x7c00</value>
         <object_component_ref idref="oc-18d"/>
      </symbol>
      <symbol id="sm-4e2">
         <name>_PieVectTable</name>
         <value>0xd00</value>
         <object_component_ref idref="oc-18f"/>
      </symbol>
      <symbol id="sm-4e3">
         <name>_Cmpss6Regs</name>
         <value>0x5d20</value>
         <object_component_ref idref="oc-147"/>
      </symbol>
      <symbol id="sm-4e4">
         <name>_ClkCfgRegs</name>
         <value>0x5d200</value>
         <object_component_ref idref="oc-168"/>
      </symbol>
      <symbol id="sm-4e5">
         <name>_XbarRegs</name>
         <value>0x7920</value>
         <object_component_ref idref="oc-155"/>
      </symbol>
      <symbol id="sm-4e6">
         <name>_RomWaitStateRegs</name>
         <value>0x5f540</value>
         <object_component_ref idref="oc-127"/>
      </symbol>
      <symbol id="sm-4e7">
         <name>_AdcdRegs</name>
         <value>0x7580</value>
         <object_component_ref idref="oc-176"/>
      </symbol>
      <symbol id="sm-4e8">
         <name>_ScidRegs</name>
         <value>0x7230</value>
         <object_component_ref idref="oc-137"/>
      </symbol>
      <symbol id="sm-4e9">
         <name>_EmuBMode</name>
         <value>0xd01</value>
         <object_component_ref idref="oc-124"/>
      </symbol>
      <symbol id="sm-4ea">
         <name>_DcsmZ1Otp</name>
         <value>0x78000</value>
         <object_component_ref idref="oc-14a"/>
      </symbol>
      <symbol id="sm-4eb">
         <name>_ECap4Regs</name>
         <value>0x5060</value>
         <object_component_ref idref="oc-150"/>
      </symbol>
      <symbol id="sm-4ec">
         <name>_Flash0EccRegs</name>
         <value>0x5fb00</value>
         <object_component_ref idref="oc-165"/>
      </symbol>
      <symbol id="sm-4ed">
         <name>_IpcRegs</name>
         <value>0x50000</value>
         <object_component_ref idref="oc-161"/>
      </symbol>
      <symbol id="sm-4ee">
         <name>_InputXbarRegs</name>
         <value>0x7900</value>
         <object_component_ref idref="oc-153"/>
      </symbol>
      <symbol id="sm-4ef">
         <name>_EPwmXbarRegs</name>
         <value>0x7a00</value>
         <object_component_ref idref="oc-16a"/>
      </symbol>
      <symbol id="sm-4f0">
         <name>_Cmpss7Regs</name>
         <value>0x5d40</value>
         <object_component_ref idref="oc-148"/>
      </symbol>
      <symbol id="sm-4f1">
         <name>_DcsmZ2Regs</name>
         <value>0x5f040</value>
         <object_component_ref idref="oc-160"/>
      </symbol>
      <symbol id="sm-4f2">
         <name>_EPwm4Regs</name>
         <value>0x4300</value>
         <object_component_ref idref="oc-181"/>
      </symbol>
      <symbol id="sm-4f3">
         <name>_FlashPumpSemaphoreRegs</name>
         <value>0x50024</value>
         <object_component_ref idref="oc-125"/>
      </symbol>
      <symbol id="sm-4f4">
         <name>_ECap5Regs</name>
         <value>0x5080</value>
         <object_component_ref idref="oc-151"/>
      </symbol>
      <symbol id="sm-4f5">
         <name>_I2cbRegs</name>
         <value>0x7340</value>
         <object_component_ref idref="oc-15e"/>
      </symbol>
      <symbol id="sm-4f6">
         <name>_CpuTimer1Regs</name>
         <value>0xc08</value>
         <object_component_ref idref="oc-12f"/>
      </symbol>
      <symbol id="sm-4f7">
         <name>_RomPrefetchRegs</name>
         <value>0x5e608</value>
         <object_component_ref idref="oc-126"/>
      </symbol>
      <symbol id="sm-4f8">
         <name>_Cmpss4Regs</name>
         <value>0x5ce0</value>
         <object_component_ref idref="oc-145"/>
      </symbol>
      <symbol id="sm-4f9">
         <name>_EPwm5Regs</name>
         <value>0x4400</value>
         <object_component_ref idref="oc-182"/>
      </symbol>
      <symbol id="sm-4fa">
         <name>_UppRegs</name>
         <value>0x6200</value>
         <object_component_ref idref="oc-16f"/>
      </symbol>
      <symbol id="sm-4fb">
         <name>_SpiaRegs</name>
         <value>0x6100</value>
         <object_component_ref idref="oc-138"/>
      </symbol>
      <symbol id="sm-4fc">
         <name>_CpuSysRegs</name>
         <value>0x5d300</value>
         <object_component_ref idref="oc-17b"/>
      </symbol>
      <symbol id="sm-4fd">
         <name>_Cla1SoftIntRegs</name>
         <value>0xce0</value>
         <object_component_ref idref="oc-128"/>
      </symbol>
      <symbol id="sm-4fe">
         <name>_CanbRegs</name>
         <value>0x4a000</value>
         <object_component_ref idref="oc-18c"/>
      </symbol>
      <symbol id="sm-4ff">
         <name>_ECap6Regs</name>
         <value>0x50a0</value>
         <object_component_ref idref="oc-152"/>
      </symbol>
      <symbol id="sm-500">
         <name>_DmaRegs</name>
         <value>0x1000</value>
         <object_component_ref idref="oc-17c"/>
      </symbol>
      <symbol id="sm-501">
         <name>_XintRegs</name>
         <value>0x7070</value>
         <object_component_ref idref="oc-132"/>
      </symbol>
      <symbol id="sm-502">
         <name>_CpuTimer0Regs</name>
         <value>0xc00</value>
         <object_component_ref idref="oc-12e"/>
      </symbol>
      <symbol id="sm-503">
         <name>_Cmpss5Regs</name>
         <value>0x5d00</value>
         <object_component_ref idref="oc-146"/>
      </symbol>
      <symbol id="sm-504">
         <name>_Emif1Regs</name>
         <value>0x47000</value>
         <object_component_ref idref="oc-170"/>
      </symbol>
      <symbol id="sm-505">
         <name>_AccessProtectionRegs</name>
         <value>0x5f4c0</value>
         <object_component_ref idref="oc-16c"/>
      </symbol>
      <symbol id="sm-506">
         <name>_MemCfgRegs</name>
         <value>0x5f400</value>
         <object_component_ref idref="oc-177"/>
      </symbol>
      <symbol id="sm-507">
         <name>_DacaRegs</name>
         <value>0x5c00</value>
         <object_component_ref idref="oc-12b"/>
      </symbol>
      <symbol id="sm-508">
         <name>_McbspbRegs</name>
         <value>0x6040</value>
         <object_component_ref idref="oc-164"/>
      </symbol>
      <symbol id="sm-509">
         <name>_EPwm6Regs</name>
         <value>0x4500</value>
         <object_component_ref idref="oc-183"/>
      </symbol>
      <symbol id="sm-50a">
         <name>_AdcaRegs</name>
         <value>0x7400</value>
         <object_component_ref idref="oc-172"/>
      </symbol>
      <symbol id="sm-50b">
         <name>_SciaRegs</name>
         <value>0x7200</value>
         <object_component_ref idref="oc-133"/>
      </symbol>
      <symbol id="sm-50c">
         <name>_EPwm11Regs</name>
         <value>0x4a00</value>
         <object_component_ref idref="oc-188"/>
      </symbol>
      <symbol id="sm-50d">
         <name>_GpioDataRegs</name>
         <value>0x7f00</value>
         <object_component_ref idref="oc-167"/>
      </symbol>
      <symbol id="sm-50e">
         <name>_Sdfm1Regs</name>
         <value>0x5e00</value>
         <object_component_ref idref="oc-178"/>
      </symbol>
      <symbol id="sm-50f">
         <name>_Cmpss2Regs</name>
         <value>0x5ca0</value>
         <object_component_ref idref="oc-143"/>
      </symbol>
      <symbol id="sm-510">
         <name>_Emif2Regs</name>
         <value>0x47800</value>
         <object_component_ref idref="oc-171"/>
      </symbol>
      <symbol id="sm-511">
         <name>_DcsmZ1Regs</name>
         <value>0x5f000</value>
         <object_component_ref idref="oc-15f"/>
      </symbol>
      <symbol id="sm-512">
         <name>_Flash0CtrlRegs</name>
         <value>0x5f800</value>
         <object_component_ref idref="oc-18e"/>
      </symbol>
      <symbol id="sm-513">
         <name>_EPwm7Regs</name>
         <value>0x4600</value>
         <object_component_ref idref="oc-184"/>
      </symbol>
      <symbol id="sm-514">
         <name>_SpicRegs</name>
         <value>0x6120</value>
         <object_component_ref idref="oc-13b"/>
      </symbol>
      <symbol id="sm-515">
         <name>_EPwm10Regs</name>
         <value>0x4900</value>
         <object_component_ref idref="oc-187"/>
      </symbol>
      <symbol id="sm-516">
         <name>_CpuTimer2Regs</name>
         <value>0xc10</value>
         <object_component_ref idref="oc-130"/>
      </symbol>
      <symbol id="sm-517">
         <name>_DmaClaSrcSelRegs</name>
         <value>0x7980</value>
         <object_component_ref idref="oc-140"/>
      </symbol>
      <symbol id="sm-518">
         <name>_AnalogSubsysRegs</name>
         <value>0x5d180</value>
         <object_component_ref idref="oc-16e"/>
      </symbol>
      <symbol id="sm-519">
         <name>_Cmpss3Regs</name>
         <value>0x5cc0</value>
         <object_component_ref idref="oc-144"/>
      </symbol>
      <symbol id="sm-51a">
         <name>_DaccRegs</name>
         <value>0x5c20</value>
         <object_component_ref idref="oc-12d"/>
      </symbol>
      <symbol id="sm-51b">
         <name>_PieCtrlRegs</name>
         <value>0xce0</value>
         <object_component_ref idref="oc-141"/>
      </symbol>
      <symbol id="sm-51c">
         <name>_DevCfgRegs</name>
         <value>0x5d000</value>
         <object_component_ref idref="oc-18a"/>
      </symbol>
      <symbol id="sm-51d">
         <name>_SpibRegs</name>
         <value>0x6110</value>
         <object_component_ref idref="oc-13a"/>
      </symbol>
      <symbol id="sm-51e">
         <name>_AdccRegs</name>
         <value>0x7500</value>
         <object_component_ref idref="oc-175"/>
      </symbol>
      <symbol id="sm-51f">
         <name>_ScicRegs</name>
         <value>0x7220</value>
         <object_component_ref idref="oc-136"/>
      </symbol>
      <symbol id="sm-520">
         <name>_ECap1Regs</name>
         <value>0x5000</value>
         <object_component_ref idref="oc-14c"/>
      </symbol>
      <symbol id="sm-521">
         <name>_EmuKey</name>
         <value>0xd00</value>
         <object_component_ref idref="oc-123"/>
      </symbol>
      <symbol id="sm-522">
         <name>_OutputXbarRegs</name>
         <value>0x7a80</value>
         <object_component_ref idref="oc-16b"/>
      </symbol>
      <symbol id="sm-523">
         <name>_MemoryErrorRegs</name>
         <value>0x5f500</value>
         <object_component_ref idref="oc-16d"/>
      </symbol>
      <symbol id="sm-524">
         <name>_Cla1Regs</name>
         <value>0x1400</value>
         <object_component_ref idref="oc-169"/>
      </symbol>
      <symbol id="sm-525">
         <name>_DcsmZ2Otp</name>
         <value>0x78200</value>
         <object_component_ref idref="oc-14b"/>
      </symbol>
      <symbol id="sm-526">
         <name>_EQep1Regs</name>
         <value>0x5100</value>
         <object_component_ref idref="oc-158"/>
      </symbol>
      <symbol id="sm-527">
         <name>_DacbRegs</name>
         <value>0x5c10</value>
         <object_component_ref idref="oc-12c"/>
      </symbol>
      <symbol id="sm-528">
         <name>_McbspaRegs</name>
         <value>0x6000</value>
         <object_component_ref idref="oc-162"/>
      </symbol>
      <symbol id="sm-529">
         <name>_EPwm1Regs</name>
         <value>0x4000</value>
         <object_component_ref idref="oc-17d"/>
      </symbol>
      <symbol id="sm-52a">
         <name>_AdcbRegs</name>
         <value>0x7480</value>
         <object_component_ref idref="oc-174"/>
      </symbol>
      <symbol id="sm-52b">
         <name>_ScibRegs</name>
         <value>0x7210</value>
         <object_component_ref idref="oc-135"/>
      </symbol>
      <symbol id="sm-52c">
         <name>_AdcaResultRegs</name>
         <value>0xb00</value>
         <object_component_ref idref="oc-13c"/>
      </symbol>
      <symbol id="sm-52d">
         <name>_ECap2Regs</name>
         <value>0x5020</value>
         <object_component_ref idref="oc-14e"/>
      </symbol>
      <symbol id="sm-52e">
         <name>_EPwm12Regs</name>
         <value>0x4b00</value>
         <object_component_ref idref="oc-189"/>
      </symbol>
      <symbol id="sm-52f">
         <name>_AdcbResultRegs</name>
         <value>0xb20</value>
         <object_component_ref idref="oc-13d"/>
      </symbol>
      <symbol id="sm-530">
         <name>_AdccResultRegs</name>
         <value>0xb40</value>
         <object_component_ref idref="oc-13e"/>
      </symbol>
      <symbol id="sm-531">
         <name>_Emif1ConfigRegs</name>
         <value>0x5f480</value>
         <object_component_ref idref="oc-156"/>
      </symbol>
      <symbol id="sm-532">
         <name>_Sdfm2Regs</name>
         <value>0x5e80</value>
         <object_component_ref idref="oc-17a"/>
      </symbol>
      <symbol id="sm-533">
         <name>_AdcdResultRegs</name>
         <value>0xb60</value>
         <object_component_ref idref="oc-13f"/>
      </symbol>
      <symbol id="sm-534">
         <name>_EQep2Regs</name>
         <value>0x5140</value>
         <object_component_ref idref="oc-15a"/>
      </symbol>
      <symbol id="sm-535">
         <name>_Cmpss1Regs</name>
         <value>0x5c80</value>
         <object_component_ref idref="oc-142"/>
      </symbol>
      <symbol id="sm-536">
         <name>_EPwm8Regs</name>
         <value>0x4700</value>
         <object_component_ref idref="oc-185"/>
      </symbol>
      <symbol id="sm-537">
         <name>_Emif2ConfigRegs</name>
         <value>0x5f4a0</value>
         <object_component_ref idref="oc-157"/>
      </symbol>
      <symbol id="sm-538">
         <name>_DcsmCommonRegs</name>
         <value>0x5f070</value>
         <object_component_ref idref="oc-131"/>
      </symbol>
      <symbol id="sm-539">
         <name>_EPwm2Regs</name>
         <value>0x4100</value>
         <object_component_ref idref="oc-17f"/>
      </symbol>
      <symbol id="sm-53a">
         <name>_ECap3Regs</name>
         <value>0x5040</value>
         <object_component_ref idref="oc-14f"/>
      </symbol>
      <symbol id="sm-53b">
         <name>_Cmpss8Regs</name>
         <value>0x5d60</value>
         <object_component_ref idref="oc-149"/>
      </symbol>
      <symbol id="sm-53c">
         <name>_EQep3Regs</name>
         <value>0x5180</value>
         <object_component_ref idref="oc-15b"/>
      </symbol>
      <symbol id="sm-53d">
         <name>_SyncSocRegs</name>
         <value>0x7940</value>
         <object_component_ref idref="oc-129"/>
      </symbol>
      <symbol id="sm-53e">
         <name>_EPwm9Regs</name>
         <value>0x4800</value>
         <object_component_ref idref="oc-186"/>
      </symbol>
      <symbol id="sm-53f">
         <name>_NmiIntruptRegs</name>
         <value>0x7060</value>
         <object_component_ref idref="oc-12a"/>
      </symbol>
      <symbol id="sm-540">
         <name>_EPwm3Regs</name>
         <value>0x4200</value>
         <object_component_ref idref="oc-180"/>
      </symbol>
      <symbol id="sm-541">
         <name>_I2caRegs</name>
         <value>0x7300</value>
         <object_component_ref idref="oc-15c"/>
      </symbol>
      <symbol id="sm-55c">
         <name>_c_int00</name>
         <value>0x2c3</value>
         <object_component_ref idref="oc-83"/>
      </symbol>
      <symbol id="sm-55d">
         <name>__stack</name>
         <value>0x400</value>
         <object_component_ref idref="oc-191"/>
      </symbol>
      <symbol id="sm-56e">
         <name>FS$$DIV</name>
         <value>0x1d9</value>
         <object_component_ref idref="oc-197"/>
      </symbol>
      <symbol id="sm-57a">
         <name>LL$$AND</name>
         <value>0xb7c9</value>
         <object_component_ref idref="oc-19c"/>
      </symbol>
      <symbol id="sm-57b">
         <name>LL$$OR</name>
         <value>0xb7d1</value>
         <object_component_ref idref="oc-19c"/>
      </symbol>
      <symbol id="sm-57c">
         <name>LL$$XOR</name>
         <value>0xb7d9</value>
         <object_component_ref idref="oc-19c"/>
      </symbol>
      <symbol id="sm-58b">
         <name>_copy_in</name>
         <value>0x390</value>
         <object_component_ref idref="oc-1cc"/>
      </symbol>
      <symbol id="sm-59c">
         <name>_memcpy</name>
         <value>0x3b4</value>
         <object_component_ref idref="oc-1da"/>
      </symbol>
      <symbol id="sm-5a8">
         <name>__system_pre_init</name>
         <value>0xb7ed</value>
         <object_component_ref idref="oc-1cb"/>
      </symbol>
      <symbol id="sm-5b5">
         <name>__system_post_cinit</name>
         <value>0x3ff</value>
         <object_component_ref idref="oc-1cd"/>
      </symbol>
      <symbol id="sm-5c9">
         <name>C$$EXIT</name>
         <value>0x319</value>
         <object_component_ref idref="oc-1cf"/>
      </symbol>
      <symbol id="sm-5ca">
         <name>_exit</name>
         <value>0x31b</value>
         <object_component_ref idref="oc-1cf"/>
      </symbol>
      <symbol id="sm-5cb">
         <name>___TI_cleanup_ptr</name>
         <value>0xaa48</value>
         <object_component_ref idref="oc-1b7"/>
      </symbol>
      <symbol id="sm-5cc">
         <name>___TI_enable_exit_profile_output</name>
         <value>0xaa46</value>
         <object_component_ref idref="oc-1b7"/>
      </symbol>
      <symbol id="sm-5cd">
         <name>_abort</name>
         <value>0x319</value>
         <object_component_ref idref="oc-1cf"/>
      </symbol>
      <symbol id="sm-5ce">
         <name>___TI_dtors_ptr</name>
         <value>0xaa4a</value>
         <object_component_ref idref="oc-1b7"/>
      </symbol>
      <symbol id="sm-5e2">
         <name>__unlock</name>
         <value>0xaa58</value>
         <object_component_ref idref="oc-1e5"/>
      </symbol>
      <symbol id="sm-5e3">
         <name>__lock</name>
         <value>0xaa3e</value>
         <object_component_ref idref="oc-1dc"/>
      </symbol>
      <symbol id="sm-5e4">
         <name>__register_lock</name>
         <value>0xb7e5</value>
         <object_component_ref idref="oc-1e2"/>
      </symbol>
      <symbol id="sm-5e5">
         <name>__nop</name>
         <value>0xb7e9</value>
         <object_component_ref idref="oc-1e2"/>
      </symbol>
      <symbol id="sm-5e6">
         <name>__register_unlock</name>
         <value>0xb7e1</value>
         <object_component_ref idref="oc-1e2"/>
      </symbol>
      <symbol id="sm-5f5">
         <name>__args_main</name>
         <value>0x3ed</value>
         <object_component_ref idref="oc-1ce"/>
      </symbol>
   </symbol_table>
   <title>Link successful</title>
</link_info>
